// Jest Snapshot v1, https://goo.gl/fbAQLP

exports[`matches snapshot 1`] = `
<DocumentFragment>
  <div>
    <div
      style="height: 5em; width: 5em; background-color: pink;"
    />
    <button>
      Remove
    </button>
  </div>
</DocumentFragment>
`;
